Component: ARM Compiler 5.06 update 6 (build 750) Tool: armlink [4d35ed]

==============================================================================

Section Cross References

    mp3 v2.o(i.Conv16to12Mono) refers to mp3 v2.o(.data) for Samples
    mp3 v2.o(i.Conv16to12Mono) refers to mp3 v2.o(.bss) for oData
    mp3 v2.o(i.Conv16to12Stereo) refers to mp3 v2.o(.bss) for oData
    mp3 v2.o(i.Conv16to12Stereo) refers to mp3 v2.o(.data) for Samples
    mp3 v2.o(i.DACC_Handler) refers to mp3dec.o(i.MP3Decode) for MP3Decode
    mp3 v2.o(i.DACC_Handler) refers to rt_memcpy_v6.o(.text) for __aeabi_memcpy
    mp3 v2.o(i.DACC_Handler) refers to mp3 v2.o(.data) for bO
    mp3 v2.o(i.DACC_Handler) refers to mp3 v2.o(.bss) for oData
    mp3 v2.o(i.MP3InitDecoder) refers to mp3 v2.o(.bss) for fh
    mp3 v2.o(i.UART_Handler) refers to mp3 v2.o(.data) for iData
    mp3 v2.o(i.main) refers to mp3 v2.o(i.__NVIC_EnableIRQ) for __NVIC_EnableIRQ
    mp3 v2.o(i.main) refers to mp3 v2.o(i.__NVIC_SetPriority) for __NVIC_SetPriority
    mp3 v2.o(i.main) refers to mp3 v2.o(i.MP3InitDecoder) for MP3InitDecoder
    mp3 v2.o(i.main) refers to mp3dec.o(i.MP3FindSyncWord) for MP3FindSyncWord
    mp3 v2.o(i.main) refers to mp3dec.o(i.MP3Decode) for MP3Decode
    mp3 v2.o(i.main) refers to mp3dec.o(i.MP3GetLastFrameInfo) for MP3GetLastFrameInfo
    mp3 v2.o(i.main) refers to system_sam3xa.o(.data) for SystemCoreClock
    mp3 v2.o(i.main) refers to mp3 v2.o(.bss) for FulliData
    mp3 v2.o(i.main) refers to mp3 v2.o(.data) for iData
    mp3 v2.o(i.main) refers to mp3 v2.o(i.Conv16to12Stereo) for Conv16to12Stereo
    mp3 v2.o(i.main) refers to mp3 v2.o(i.Conv16to12Mono) for Conv16to12Mono
    bitstream.o(i.GetBits) refers to bitstream.o(i.RefillBitstreamCache) for RefillBitstreamCache
    bitstream.o(i.UnpackFrameHeader) refers to mp3tabs.o(.constdata) for sfBandTable
    bitstream.o(i.UnpackSideInfo) refers to bitstream.o(i.SetBitstreamPointer) for SetBitstreamPointer
    bitstream.o(i.UnpackSideInfo) refers to bitstream.o(i.GetBits) for GetBits
    dct32.o(i.FDCT32) refers to asmmisc.o(.text) for xmp3_MULSHIFT32
    dct32.o(i.FDCT32) refers to dct32.o(.constdata) for dcttab
    dequant.o(i.Dequantize) refers to dqchan.o(i.DequantChannel) for DequantChannel
    dequant.o(i.Dequantize) refers to stproc.o(i.MidSideProc) for MidSideProc
    dequant.o(i.Dequantize) refers to stproc.o(i.IntensityProcMPEG1) for IntensityProcMPEG1
    dequant.o(i.Dequantize) refers to stproc.o(i.IntensityProcMPEG2) for IntensityProcMPEG2
    dequant.o(i.Dequantize) refers to asmmisc.o(.text) for CLZ
    dqchan.o(i.DequantBlock) refers to asmmisc.o(.text) for xmp3_MULSHIFT32
    dqchan.o(i.DequantBlock) refers to dqchan.o(.constdata) for pow43_14
    dqchan.o(i.DequantChannel) refers to dqchan.o(i.DequantBlock) for DequantBlock
    dqchan.o(i.DequantChannel) refers to asmmisc.o(.text) for CLZ
    dqchan.o(i.DequantChannel) refers to dqchan.o(.constdata) for preTab
    huffman.o(i.DecodeHuffman) refers to huffman.o(i.DecodeHuffmanPairs) for DecodeHuffmanPairs
    huffman.o(i.DecodeHuffman) refers to huffman.o(i.DecodeHuffmanQuads) for DecodeHuffmanQuads
    huffman.o(i.DecodeHuffmanPairs) refers to hufftabs.o(.constdata) for huffTabOffset
    huffman.o(i.DecodeHuffmanQuads) refers to hufftabs.o(.constdata) for quadTabOffset
    imdct.o(i.AntiAlias) refers to asmmisc.o(.text) for xmp3_MULSHIFT32
    imdct.o(i.AntiAlias) refers to trigtabs_fixpt.o(.constdata) for csa
    imdct.o(i.FreqInvertRescale) refers to asmmisc.o(.text) for FASTABS
    imdct.o(i.HybridTransform) refers to imdct.o(i.IMDCT36) for IMDCT36
    imdct.o(i.HybridTransform) refers to imdct.o(i.IMDCT12x3) for IMDCT12x3
    imdct.o(i.HybridTransform) refers to imdct.o(i.WinPrevious) for WinPrevious
    imdct.o(i.HybridTransform) refers to asmmisc.o(.text) for FASTABS
    imdct.o(i.IMDCT) refers to imdct.o(i.AntiAlias) for AntiAlias
    imdct.o(i.IMDCT) refers to imdct.o(i.HybridTransform) for HybridTransform
    imdct.o(i.IMDCT12x3) refers to imdct.o(i.imdct12) for imdct12
    imdct.o(i.IMDCT12x3) refers to imdct.o(i.WinPrevious) for WinPrevious
    imdct.o(i.IMDCT12x3) refers to asmmisc.o(.text) for FASTABS
    imdct.o(i.IMDCT12x3) refers to imdct.o(i.FreqInvertRescale) for FreqInvertRescale
    imdct.o(i.IMDCT12x3) refers to trigtabs_fixpt.o(.constdata) for imdctWin
    imdct.o(i.IMDCT36) refers to imdct.o(i.idct9) for idct9
    imdct.o(i.IMDCT36) refers to asmmisc.o(.text) for xmp3_MULSHIFT32
    imdct.o(i.IMDCT36) refers to imdct.o(i.WinPrevious) for WinPrevious
    imdct.o(i.IMDCT36) refers to imdct.o(i.FreqInvertRescale) for FreqInvertRescale
    imdct.o(i.IMDCT36) refers to imdct.o(.constdata) for c18
    imdct.o(i.IMDCT36) refers to trigtabs_fixpt.o(.constdata) for imdctWin
    imdct.o(i.WinPrevious) refers to asmmisc.o(.text) for xmp3_MULSHIFT32
    imdct.o(i.WinPrevious) refers to trigtabs_fixpt.o(.constdata) for imdctWin
    imdct.o(i.idct9) refers to asmmisc.o(.text) for xmp3_MULSHIFT32
    imdct.o(i.imdct12) refers to asmmisc.o(.text) for xmp3_MULSHIFT32
    imdct.o(i.imdct12) refers to imdct.o(.constdata) for c6
    mp3dec.o(i.MP3Decode) refers to bitstream.o(i.UnpackFrameHeader) for UnpackFrameHeader
    mp3dec.o(i.MP3Decode) refers to bitstream.o(i.UnpackSideInfo) for UnpackSideInfo
    mp3dec.o(i.MP3Decode) refers to mp3dec.o(i.MP3ClearBadFrame) for MP3ClearBadFrame
    mp3dec.o(i.MP3Decode) refers to mp3dec.o(i.MP3FindFreeSync) for MP3FindFreeSync
    mp3dec.o(i.MP3Decode) refers to bitstream.o(i.CheckPadBit) for CheckPadBit
    mp3dec.o(i.MP3Decode) refers to rt_memmove_v6.o(.text) for __aeabi_memmove
    mp3dec.o(i.MP3Decode) refers to rt_memcpy_v6.o(.text) for __aeabi_memcpy
    mp3dec.o(i.MP3Decode) refers to scalfact.o(i.UnpackScaleFactors) for UnpackScaleFactors
    mp3dec.o(i.MP3Decode) refers to huffman.o(i.DecodeHuffman) for DecodeHuffman
    mp3dec.o(i.MP3Decode) refers to dequant.o(i.Dequantize) for Dequantize
    mp3dec.o(i.MP3Decode) refers to imdct.o(i.IMDCT) for IMDCT
    mp3dec.o(i.MP3Decode) refers to subband.o(i.Subband) for Subband
    mp3dec.o(i.MP3FindFreeSync) refers to mp3dec.o(i.MP3FindSyncWord) for MP3FindSyncWord
    mp3dec.o(i.MP3GetLastFrameInfo) refers to mp3tabs.o(.constdata) for samplesPerFrameTab
    mp3dec.o(i.MP3GetNextFrameInfo) refers to bitstream.o(i.UnpackFrameHeader) for UnpackFrameHeader
    mp3dec.o(i.MP3GetNextFrameInfo) refers to mp3dec.o(i.MP3GetLastFrameInfo) for MP3GetLastFrameInfo
    scalfact.o(i.UnpackSFMPEG1) refers to bitstream.o(i.GetBits) for GetBits
    scalfact.o(i.UnpackSFMPEG1) refers to scalfact.o(.constdata) for SFLenTab
    scalfact.o(i.UnpackSFMPEG2) refers to bitstream.o(i.GetBits) for GetBits
    scalfact.o(i.UnpackSFMPEG2) refers to scalfact.o(.constdata) for NRTab
    scalfact.o(i.UnpackScaleFactors) refers to bitstream.o(i.SetBitstreamPointer) for SetBitstreamPointer
    scalfact.o(i.UnpackScaleFactors) refers to bitstream.o(i.GetBits) for GetBits
    scalfact.o(i.UnpackScaleFactors) refers to scalfact.o(i.UnpackSFMPEG1) for UnpackSFMPEG1
    scalfact.o(i.UnpackScaleFactors) refers to scalfact.o(i.UnpackSFMPEG2) for UnpackSFMPEG2
    scalfact.o(i.UnpackScaleFactors) refers to bitstream.o(i.CalcBitsUsed) for CalcBitsUsed
    stproc.o(i.IntensityProcMPEG1) refers to asmmisc.o(.text) for xmp3_MULSHIFT32
    stproc.o(i.IntensityProcMPEG1) refers to trigtabs_fixpt.o(.constdata) for ISFMpeg1
    stproc.o(i.IntensityProcMPEG2) refers to asmmisc.o(.text) for xmp3_MULSHIFT32
    stproc.o(i.IntensityProcMPEG2) refers to trigtabs_fixpt.o(.constdata) for ISFMpeg2
    stproc.o(i.MidSideProc) refers to asmmisc.o(.text) for FASTABS
    subband.o(i.Subband) refers to dct32.o(i.FDCT32) for FDCT32
    subband.o(i.Subband) refers to asmpoly.o(.text) for PolyphaseStereo
    subband.o(i.Subband) refers to trigtabs_fixpt.o(.constdata) for polyCoef
    startup_sam3xa.o(STACK) refers (Special) to heapauxi.o(.text) for __use_two_region_memory
    startup_sam3xa.o(HEAP) refers (Special) to heapauxi.o(.text) for __use_two_region_memory
    startup_sam3xa.o(RESET) refers (Special) to heapauxi.o(.text) for __use_two_region_memory
    startup_sam3xa.o(RESET) refers to startup_sam3xa.o(STACK) for __initial_sp
    startup_sam3xa.o(RESET) refers to startup_sam3xa.o(.text) for Reset_Handler
    startup_sam3xa.o(.text) refers (Special) to heapauxi.o(.text) for __use_two_region_memory
    startup_sam3xa.o(.text) refers to system_sam3xa.o(i.SystemInit) for SystemInit
    startup_sam3xa.o(.text) refers to __main.o(!!!main) for __main
    startup_sam3xa.o(.text) refers to startup_sam3xa.o(HEAP) for Heap_Mem
    startup_sam3xa.o(.text) refers to startup_sam3xa.o(STACK) for Stack_Mem
    system_sam3xa.o(i.SystemCoreClockUpdate) refers to system_sam3xa.o(.data) for SystemCoreClock
    rt_memcpy_v6.o(.text) refers to rt_memcpy_w.o(.text) for __aeabi_memcpy4
    rt_memmove_v6.o(.text) refers to rt_memcpy_v6.o(.text) for __aeabi_memcpy
    rt_memmove_v6.o(.text) refers to rt_memmove_w.o(.text) for __memmove_aligned
    __main.o(!!!main) refers to __rtentry.o(.ARM.Collect$$rtentry$$00000000) for __rt_entry
    __rtentry.o(.ARM.Collect$$rtentry$$00000000) refers (Special) to __rtentry2.o(.ARM.Collect$$rtentry$$0000000A) for __rt_entry_li
    __rtentry.o(.ARM.Collect$$rtentry$$00000000) refers (Special) to __rtentry2.o(.ARM.Collect$$rtentry$$0000000D) for __rt_entry_main
    __rtentry.o(.ARM.Collect$$rtentry$$00000000) refers (Special) to __rtentry2.o(.ARM.Collect$$rtentry$$0000000C) for __rt_entry_postli_1
    __rtentry.o(.ARM.Collect$$rtentry$$00000000) refers (Special) to __rtentry2.o(.ARM.Collect$$rtentry$$00000009) for __rt_entry_postsh_1
    __rtentry.o(.ARM.Collect$$rtentry$$00000000) refers (Special) to __rtentry2.o(.ARM.Collect$$rtentry$$00000002) for __rt_entry_presh_1
    __rtentry.o(.ARM.Collect$$rtentry$$00000000) refers (Special) to __rtentry4.o(.ARM.Collect$$rtentry$$00000004) for __rt_entry_sh
    rt_memmove_w.o(.text) refers to rt_memcpy_w.o(.text) for __aeabi_memcpy4
    __rtentry2.o(.ARM.Collect$$rtentry$$00000008) refers to boardinit2.o(.text) for _platform_post_stackheap_init
    __rtentry2.o(.ARM.Collect$$rtentry$$0000000A) refers to libinit.o(.ARM.Collect$$libinit$$00000000) for __rt_lib_init
    __rtentry2.o(.ARM.Collect$$rtentry$$0000000B) refers to boardinit3.o(.text) for _platform_post_lib_init
    __rtentry2.o(.ARM.Collect$$rtentry$$0000000D) refers to mp3 v2.o(i.main) for main
    __rtentry2.o(.ARM.Collect$$rtentry$$0000000D) refers to exit.o(.text) for exit
    __rtentry2.o(.ARM.exidx) refers to __rtentry2.o(.ARM.Collect$$rtentry$$00000001) for .ARM.Collect$$rtentry$$00000001
    __rtentry2.o(.ARM.exidx) refers to __rtentry2.o(.ARM.Collect$$rtentry$$00000008) for .ARM.Collect$$rtentry$$00000008
    __rtentry2.o(.ARM.exidx) refers to __rtentry2.o(.ARM.Collect$$rtentry$$0000000A) for .ARM.Collect$$rtentry$$0000000A
    __rtentry2.o(.ARM.exidx) refers to __rtentry2.o(.ARM.Collect$$rtentry$$0000000B) for .ARM.Collect$$rtentry$$0000000B
    __rtentry2.o(.ARM.exidx) refers to __rtentry2.o(.ARM.Collect$$rtentry$$0000000D) for .ARM.Collect$$rtentry$$0000000D
    __rtentry4.o(.ARM.Collect$$rtentry$$00000004) refers to sys_stackheap_outer.o(.text) for __user_setup_stackheap
    __rtentry4.o(.ARM.exidx) refers to __rtentry4.o(.ARM.Collect$$rtentry$$00000004) for .ARM.Collect$$rtentry$$00000004
    sys_stackheap_outer.o(.text) refers to libspace.o(.text) for __user_perproc_libspace
    sys_stackheap_outer.o(.text) refers to startup_sam3xa.o(.text) for __user_initial_stackheap
    exit.o(.text) refers to rtexit.o(.ARM.Collect$$rtexit$$00000000) for __rt_exit
    libinit.o(.ARM.Collect$$libinit$$00000000) refers (Special) to libinit2.o(.ARM.Collect$$libinit$$0000002E) for __rt_lib_init_alloca_1
    libinit.o(.ARM.Collect$$libinit$$00000000) refers (Special) to libinit2.o(.ARM.Collect$$libinit$$0000002C) for __rt_lib_init_argv_1
    libinit.o(.ARM.Collect$$libinit$$00000000) refers (Special) to libinit2.o(.ARM.Collect$$libinit$$0000001B) for __rt_lib_init_atexit_1
    libinit.o(.ARM.Collect$$libinit$$00000000) refers (Special) to libinit2.o(.ARM.Collect$$libinit$$00000021) for __rt_lib_init_clock_1
    libinit.o(.ARM.Collect$$libinit$$00000000) refers (Special) to libinit2.o(.ARM.Collect$$libinit$$00000032) for __rt_lib_init_cpp_1
    libinit.o(.ARM.Collect$$libinit$$00000000) refers (Special) to libinit2.o(.ARM.Collect$$libinit$$00000030) for __rt_lib_init_exceptions_1
    libinit.o(.ARM.Collect$$libinit$$00000000) refers (Special) to libinit2.o(.ARM.Collect$$libinit$$00000002) for __rt_lib_init_fp_1
    libinit.o(.ARM.Collect$$libinit$$00000000) refers (Special) to libinit2.o(.ARM.Collect$$libinit$$0000001F) for __rt_lib_init_fp_trap_1
    libinit.o(.ARM.Collect$$libinit$$00000000) refers (Special) to libinit2.o(.ARM.Collect$$libinit$$00000023) for __rt_lib_init_getenv_1
    libinit.o(.ARM.Collect$$libinit$$00000000) refers (Special) to libinit2.o(.ARM.Collect$$libinit$$0000000A) for __rt_lib_init_heap_1
    libinit.o(.ARM.Collect$$libinit$$00000000) refers (Special) to libinit2.o(.ARM.Collect$$libinit$$00000011) for __rt_lib_init_lc_collate_1
    libinit.o(.ARM.Collect$$libinit$$00000000) refers (Special) to libinit2.o(.ARM.Collect$$libinit$$00000013) for __rt_lib_init_lc_ctype_1
    libinit.o(.ARM.Collect$$libinit$$00000000) refers (Special) to libinit2.o(.ARM.Collect$$libinit$$00000015) for __rt_lib_init_lc_monetary_1
    libinit.o(.ARM.Collect$$libinit$$00000000) refers (Special) to libinit2.o(.ARM.Collect$$libinit$$00000017) for __rt_lib_init_lc_numeric_1
    libinit.o(.ARM.Collect$$libinit$$00000000) refers (Special) to libinit2.o(.ARM.Collect$$libinit$$00000019) for __rt_lib_init_lc_time_1
    libinit.o(.ARM.Collect$$libinit$$00000000) refers (Special) to libinit2.o(.ARM.Collect$$libinit$$00000004) for __rt_lib_init_preinit_1
    libinit.o(.ARM.Collect$$libinit$$00000000) refers (Special) to libinit2.o(.ARM.Collect$$libinit$$0000000E) for __rt_lib_init_rand_1
    libinit.o(.ARM.Collect$$libinit$$00000000) refers (Special) to libinit2.o(.ARM.Collect$$libinit$$00000033) for __rt_lib_init_return
    libinit.o(.ARM.Collect$$libinit$$00000000) refers (Special) to libinit2.o(.ARM.Collect$$libinit$$0000001D) for __rt_lib_init_signal_1
    libinit.o(.ARM.Collect$$libinit$$00000000) refers (Special) to libinit2.o(.ARM.Collect$$libinit$$00000025) for __rt_lib_init_stdio_1
    libinit.o(.ARM.Collect$$libinit$$00000000) refers (Special) to libinit2.o(.ARM.Collect$$libinit$$0000000C) for __rt_lib_init_user_alloc_1
    libspace.o(.text) refers to libspace.o(.bss) for __libspace_start
    rtexit.o(.ARM.Collect$$rtexit$$00000000) refers (Special) to rtexit2.o(.ARM.Collect$$rtexit$$00000004) for __rt_exit_exit
    rtexit.o(.ARM.Collect$$rtexit$$00000000) refers (Special) to rtexit2.o(.ARM.Collect$$rtexit$$00000003) for __rt_exit_ls
    rtexit.o(.ARM.Collect$$rtexit$$00000000) refers (Special) to rtexit2.o(.ARM.Collect$$rtexit$$00000002) for __rt_exit_prels_1
    rtexit.o(.ARM.exidx) refers (Special) to rtexit2.o(.ARM.Collect$$rtexit$$00000004) for __rt_exit_exit
    rtexit.o(.ARM.exidx) refers (Special) to rtexit2.o(.ARM.Collect$$rtexit$$00000003) for __rt_exit_ls
    rtexit.o(.ARM.exidx) refers (Special) to rtexit2.o(.ARM.Collect$$rtexit$$00000002) for __rt_exit_prels_1
    rtexit.o(.ARM.exidx) refers to rtexit.o(.ARM.Collect$$rtexit$$00000000) for .ARM.Collect$$rtexit$$00000000
    libinit2.o(.ARM.Collect$$libinit$$00000010) refers to libinit2.o(.ARM.Collect$$libinit$$0000000F) for .ARM.Collect$$libinit$$0000000F
    libinit2.o(.ARM.Collect$$libinit$$00000012) refers to libinit2.o(.ARM.Collect$$libinit$$0000000F) for .ARM.Collect$$libinit$$0000000F
    libinit2.o(.ARM.Collect$$libinit$$00000014) refers to libinit2.o(.ARM.Collect$$libinit$$0000000F) for .ARM.Collect$$libinit$$0000000F
    libinit2.o(.ARM.Collect$$libinit$$00000016) refers to libinit2.o(.ARM.Collect$$libinit$$0000000F) for .ARM.Collect$$libinit$$0000000F
    libinit2.o(.ARM.Collect$$libinit$$00000018) refers to libinit2.o(.ARM.Collect$$libinit$$0000000F) for .ARM.Collect$$libinit$$0000000F
    libinit2.o(.ARM.Collect$$libinit$$00000026) refers to argv_veneer.o(.emb_text) for __ARM_argv_veneer
    libinit2.o(.ARM.Collect$$libinit$$00000027) refers to argv_veneer.o(.emb_text) for __ARM_argv_veneer
    rtexit2.o(.ARM.Collect$$rtexit$$00000003) refers to libshutdown.o(.ARM.Collect$$libshutdown$$00000000) for __rt_lib_shutdown
    rtexit2.o(.ARM.Collect$$rtexit$$00000004) refers to sys_exit.o(.text) for _sys_exit
    rtexit2.o(.ARM.exidx) refers to rtexit2.o(.ARM.Collect$$rtexit$$00000001) for .ARM.Collect$$rtexit$$00000001
    rtexit2.o(.ARM.exidx) refers to rtexit2.o(.ARM.Collect$$rtexit$$00000003) for .ARM.Collect$$rtexit$$00000003
    rtexit2.o(.ARM.exidx) refers to rtexit2.o(.ARM.Collect$$rtexit$$00000004) for .ARM.Collect$$rtexit$$00000004
    argv_veneer.o(.emb_text) refers to no_argv.o(.text) for __ARM_get_argv
    sys_exit.o(.text) refers (Special) to use_no_semi.o(.text) for __I$use$semihosting
    sys_exit.o(.text) refers (Special) to indicate_semi.o(.text) for __semihosting_library_function
    _get_argv_nomalloc.o(.text) refers (Special) to hrguard.o(.text) for __heap_region$guard
    _get_argv_nomalloc.o(.text) refers to defsig_rtmem_outer.o(.text) for __rt_SIGRTMEM
    _get_argv_nomalloc.o(.text) refers to sys_command.o(.text) for _sys_command_string
    libshutdown.o(.ARM.Collect$$libshutdown$$00000000) refers (Special) to libshutdown2.o(.ARM.Collect$$libshutdown$$00000002) for __rt_lib_shutdown_cpp_1
    libshutdown.o(.ARM.Collect$$libshutdown$$00000000) refers (Special) to libshutdown2.o(.ARM.Collect$$libshutdown$$00000007) for __rt_lib_shutdown_fp_trap_1
    libshutdown.o(.ARM.Collect$$libshutdown$$00000000) refers (Special) to libshutdown2.o(.ARM.Collect$$libshutdown$$0000000F) for __rt_lib_shutdown_heap_1
    libshutdown.o(.ARM.Collect$$libshutdown$$00000000) refers (Special) to libshutdown2.o(.ARM.Collect$$libshutdown$$00000010) for __rt_lib_shutdown_return
    libshutdown.o(.ARM.Collect$$libshutdown$$00000000) refers (Special) to libshutdown2.o(.ARM.Collect$$libshutdown$$0000000A) for __rt_lib_shutdown_signal_1
    libshutdown.o(.ARM.Collect$$libshutdown$$00000000) refers (Special) to libshutdown2.o(.ARM.Collect$$libshutdown$$00000004) for __rt_lib_shutdown_stdio_1
    libshutdown.o(.ARM.Collect$$libshutdown$$00000000) refers (Special) to libshutdown2.o(.ARM.Collect$$libshutdown$$0000000C) for __rt_lib_shutdown_user_alloc_1
    sys_command.o(.text) refers (Special) to use_no_semi.o(.text) for __I$use$semihosting
    sys_command.o(.text) refers (Special) to indicate_semi.o(.text) for __semihosting_library_function
    defsig_rtmem_outer.o(.text) refers to defsig_rtmem_inner.o(.text) for __rt_SIGRTMEM_inner
    defsig_rtmem_outer.o(.text) refers to defsig_exit.o(.text) for __sig_exit
    defsig_rtmem_formal.o(.text) refers to rt_raise.o(.text) for __rt_raise
    rt_raise.o(.text) refers to __raise.o(.text) for __raise
    rt_raise.o(.text) refers to sys_exit.o(.text) for _sys_exit
    defsig_exit.o(.text) refers to sys_exit.o(.text) for _sys_exit
    defsig_rtmem_inner.o(.text) refers to defsig_general.o(.text) for __default_signal_display
    __raise.o(.text) refers to defsig.o(CL$$defsig) for __default_signal_handler
    defsig_general.o(.text) refers to sys_wrch.o(.text) for _ttywrch
    sys_wrch.o(.text) refers (Special) to use_no_semi.o(.text) for __I$use$semihosting
    sys_wrch.o(.text) refers (Special) to indicate_semi.o(.text) for __semihosting_library_function
    defsig.o(CL$$defsig) refers to defsig_rtmem_inner.o(.text) for __rt_SIGRTMEM_inner
    defsig_abrt_inner.o(.text) refers to defsig_general.o(.text) for __default_signal_display
    defsig_fpe_inner.o(.text) refers to defsig_general.o(.text) for __default_signal_display
    defsig_rtred_inner.o(.text) refers to defsig_general.o(.text) for __default_signal_display
    defsig_stak_inner.o(.text) refers to defsig_general.o(.text) for __default_signal_display
    defsig_pvfn_inner.o(.text) refers to defsig_general.o(.text) for __default_signal_display
    defsig_cppl_inner.o(.text) refers to defsig_general.o(.text) for __default_signal_display
    defsig_segv_inner.o(.text) refers to defsig_general.o(.text) for __default_signal_display
    defsig_other.o(.text) refers to defsig_general.o(.text) for __default_signal_display


==============================================================================

Removing Unused input sections from the image.

    Removing mp3 v2.o(.rev16_text), (4 bytes).
    Removing mp3 v2.o(.revsh_text), (4 bytes).
    Removing mp3 v2.o(.rrx_text), (6 bytes).
    Removing mp3 v2.o(i.DACC_Handler), (296 bytes).
    Removing mp3 v2.o(i.UART_Handler), (28 bytes).
    Removing mp3dec.o(i.MP3GetNextFrameInfo), (60 bytes).
    Removing system_sam3xa.o(.rev16_text), (4 bytes).
    Removing system_sam3xa.o(.revsh_text), (4 bytes).
    Removing system_sam3xa.o(.rrx_text), (6 bytes).
    Removing system_sam3xa.o(i.SystemCoreClockUpdate), (368 bytes).

10 unused section(s) (total 780 bytes) removed from the image.

==============================================================================

Image Symbol Table

    Local Symbols

    Symbol Name                              Value     Ov Type        Size  Object(Section)

    ../clib/angel/boardlib.s                 0x00000000   Number         0  boardinit1.o ABSOLUTE
    ../clib/angel/boardlib.s                 0x00000000   Number         0  boardinit3.o ABSOLUTE
    ../clib/angel/boardlib.s                 0x00000000   Number         0  boardinit2.o ABSOLUTE
    ../clib/angel/boardlib.s                 0x00000000   Number         0  boardshut.o ABSOLUTE
    ../clib/angel/handlers.s                 0x00000000   Number         0  __scatter_zi.o ABSOLUTE
    ../clib/angel/kernel.s                   0x00000000   Number         0  rtexit.o ABSOLUTE
    ../clib/angel/kernel.s                   0x00000000   Number         0  __rtentry4.o ABSOLUTE
    ../clib/angel/kernel.s                   0x00000000   Number         0  rtexit2.o ABSOLUTE
    ../clib/angel/kernel.s                   0x00000000   Number         0  __rtentry2.o ABSOLUTE
    ../clib/angel/kernel.s                   0x00000000   Number         0  __rtentry.o ABSOLUTE
    ../clib/angel/rt.s                       0x00000000   Number         0  rt_raise.o ABSOLUTE
    ../clib/angel/scatter.s                  0x00000000   Number         0  __scatter.o ABSOLUTE
    ../clib/angel/startup.s                  0x00000000   Number         0  __main.o ABSOLUTE
    ../clib/angel/sys.s                      0x00000000   Number         0  sys_stackheap_outer.o ABSOLUTE
    ../clib/angel/sys.s                      0x00000000   Number         0  indicate_semi.o ABSOLUTE
    ../clib/angel/sys.s                      0x00000000   Number         0  libspace.o ABSOLUTE
    ../clib/angel/sys.s                      0x00000000   Number         0  use_no_semi.o ABSOLUTE
    ../clib/angel/sysapp.c                   0x00000000   Number         0  sys_exit.o ABSOLUTE
    ../clib/angel/sysapp.c                   0x00000000   Number         0  sys_wrch.o ABSOLUTE
    ../clib/angel/sysapp.c                   0x00000000   Number         0  sys_command.o ABSOLUTE
    ../clib/armsys.c                         0x00000000   Number         0  argv_veneer.o ABSOLUTE
    ../clib/armsys.c                         0x00000000   Number         0  argv_veneer.o ABSOLUTE
    ../clib/armsys.c                         0x00000000   Number         0  no_argv.o ABSOLUTE
    ../clib/armsys.c                         0x00000000   Number         0  _get_argv_nomalloc.o ABSOLUTE
    ../clib/heapalloc.c                      0x00000000   Number         0  hrguard.o ABSOLUTE
    ../clib/heapaux.c                        0x00000000   Number         0  heapauxi.o ABSOLUTE
    ../clib/libinit.s                        0x00000000   Number         0  libinit2.o ABSOLUTE
    ../clib/libinit.s                        0x00000000   Number         0  libinit.o ABSOLUTE
    ../clib/libinit.s                        0x00000000   Number         0  libshutdown2.o ABSOLUTE
    ../clib/libinit.s                        0x00000000   Number         0  libshutdown.o ABSOLUTE
    ../clib/memcpset.s                       0x00000000   Number         0  rt_memcpy_w.o ABSOLUTE
    ../clib/memcpset.s                       0x00000000   Number         0  rt_memmove_w.o ABSOLUTE
    ../clib/memcpset.s                       0x00000000   Number         0  rt_memcpy_v6.o ABSOLUTE
    ../clib/memcpset.s                       0x00000000   Number         0  rt_memmove_v6.o ABSOLUTE
    ../clib/signal.c                         0x00000000   Number         0  defsig_stak_inner.o ABSOLUTE
    ../clib/signal.c                         0x00000000   Number         0  defsig_rtmem_formal.o ABSOLUTE
    ../clib/signal.c                         0x00000000   Number         0  defsig_exit.o ABSOLUTE
    ../clib/signal.c                         0x00000000   Number         0  defsig_cppl_inner.o ABSOLUTE
    ../clib/signal.c                         0x00000000   Number         0  defsig_segv_inner.o ABSOLUTE
    ../clib/signal.c                         0x00000000   Number         0  defsig_rtmem_outer.o ABSOLUTE
    ../clib/signal.c                         0x00000000   Number         0  defsig_rtmem_inner.o ABSOLUTE
    ../clib/signal.c                         0x00000000   Number         0  defsig_pvfn_inner.o ABSOLUTE
    ../clib/signal.c                         0x00000000   Number         0  __raise.o ABSOLUTE
    ../clib/signal.c                         0x00000000   Number         0  defsig_other.o ABSOLUTE
    ../clib/signal.c                         0x00000000   Number         0  defsig_general.o ABSOLUTE
    ../clib/signal.c                         0x00000000   Number         0  defsig_abrt_inner.o ABSOLUTE
    ../clib/signal.c                         0x00000000   Number         0  defsig_fpe_inner.o ABSOLUTE
    ../clib/signal.c                         0x00000000   Number         0  defsig_rtred_inner.o ABSOLUTE
    ../clib/signal.s                         0x00000000   Number         0  defsig.o ABSOLUTE
    ../clib/stdlib.c                         0x00000000   Number         0  exit.o ABSOLUTE
    ../fplib/fpinit.s                        0x00000000   Number         0  fpinit.o ABSOLUTE
    Helix\asmmisc.s                          0x00000000   Number         0  asmmisc.o ABSOLUTE
    Helix\asmpoly.s                          0x00000000   Number         0  asmpoly.o ABSOLUTE
    Helix\bitstream.c                        0x00000000   Number         0  bitstream.o ABSOLUTE
    Helix\dct32.c                            0x00000000   Number         0  dct32.o ABSOLUTE
    Helix\dequant.c                          0x00000000   Number         0  dequant.o ABSOLUTE
    Helix\dqchan.c                           0x00000000   Number         0  dqchan.o ABSOLUTE
    Helix\huffman.c                          0x00000000   Number         0  huffman.o ABSOLUTE
    Helix\hufftabs.c                         0x00000000   Number         0  hufftabs.o ABSOLUTE
    Helix\imdct.c                            0x00000000   Number         0  imdct.o ABSOLUTE
    Helix\mp3dec.c                           0x00000000   Number         0  mp3dec.o ABSOLUTE
    Helix\mp3tabs.c                          0x00000000   Number         0  mp3tabs.o ABSOLUTE
    Helix\scalfact.c                         0x00000000   Number         0  scalfact.o ABSOLUTE
    Helix\stproc.c                           0x00000000   Number         0  stproc.o ABSOLUTE
    Helix\subband.c                          0x00000000   Number         0  subband.o ABSOLUTE
    Helix\trigtabs_fixpt.c                   0x00000000   Number         0  trigtabs_fixpt.o ABSOLUTE
    MP3 v2.c                                 0x00000000   Number         0  mp3 v2.o ABSOLUTE
    MP3 v2.c                                 0x00000000   Number         0  mp3 v2.o ABSOLUTE
    RTE/Device/ATSAM3X8E/startup_SAM3XA.s    0x00000000   Number         0  startup_sam3xa.o ABSOLUTE
    RTE/Device/ATSAM3X8E/system_SAM3XA.c     0x00000000   Number         0  system_sam3xa.o ABSOLUTE
    RTE\Device\ATSAM3X8E\system_SAM3XA.c     0x00000000   Number         0  system_sam3xa.o ABSOLUTE
    dc.s                                     0x00000000   Number         0  dc.o ABSOLUTE
    RESET                                    0x00008000   Section      244  startup_sam3xa.o(RESET)
    !!!main                                  0x000080f4   Section        8  __main.o(!!!main)
    !!!scatter                               0x000080fc   Section       52  __scatter.o(!!!scatter)
    !!handler_zi                             0x00008130   Section       28  __scatter_zi.o(!!handler_zi)
    .ARM.Collect$$libinit$$00000000          0x0000814c   Section        2  libinit.o(.ARM.Collect$$libinit$$00000000)
    .ARM.Collect$$libinit$$00000002          0x0000814e   Section        0  libinit2.o(.ARM.Collect$$libinit$$00000002)
    .ARM.Collect$$libinit$$00000004          0x0000814e   Section        0  libinit2.o(.ARM.Collect$$libinit$$00000004)
    .ARM.Collect$$libinit$$0000000A          0x0000814e   Section        0  libinit2.o(.ARM.Collect$$libinit$$0000000A)
    .ARM.Collect$$libinit$$0000000C          0x0000814e   Section        0  libinit2.o(.ARM.Collect$$libinit$$0000000C)
    .ARM.Collect$$libinit$$0000000E          0x0000814e   Section        0  libinit2.o(.ARM.Collect$$libinit$$0000000E)
    .ARM.Collect$$libinit$$00000011          0x0000814e   Section        0  libinit2.o(.ARM.Collect$$libinit$$00000011)
    .ARM.Collect$$libinit$$00000013          0x0000814e   Section        0  libinit2.o(.ARM.Collect$$libinit$$00000013)
    .ARM.Collect$$libinit$$00000015          0x0000814e   Section        0  libinit2.o(.ARM.Collect$$libinit$$00000015)
    .ARM.Collect$$libinit$$00000017          0x0000814e   Section        0  libinit2.o(.ARM.Collect$$libinit$$00000017)
    .ARM.Collect$$libinit$$00000019          0x0000814e   Section        0  libinit2.o(.ARM.Collect$$libinit$$00000019)
    .ARM.Collect$$libinit$$0000001B          0x0000814e   Section        0  libinit2.o(.ARM.Collect$$libinit$$0000001B)
    .ARM.Collect$$libinit$$0000001D          0x0000814e   Section        0  libinit2.o(.ARM.Collect$$libinit$$0000001D)
    .ARM.Collect$$libinit$$0000001F          0x0000814e   Section        0  libinit2.o(.ARM.Collect$$libinit$$0000001F)
    .ARM.Collect$$libinit$$00000021          0x0000814e   Section        0  libinit2.o(.ARM.Collect$$libinit$$00000021)
    .ARM.Collect$$libinit$$00000023          0x0000814e   Section        0  libinit2.o(.ARM.Collect$$libinit$$00000023)
    .ARM.Collect$$libinit$$00000025          0x0000814e   Section        0  libinit2.o(.ARM.Collect$$libinit$$00000025)
    .ARM.Collect$$libinit$$0000002C          0x0000814e   Section        0  libinit2.o(.ARM.Collect$$libinit$$0000002C)
    .ARM.Collect$$libinit$$0000002E          0x0000814e   Section        0  libinit2.o(.ARM.Collect$$libinit$$0000002E)
    .ARM.Collect$$libinit$$00000030          0x0000814e   Section        0  libinit2.o(.ARM.Collect$$libinit$$00000030)
    .ARM.Collect$$libinit$$00000032          0x0000814e   Section        0  libinit2.o(.ARM.Collect$$libinit$$00000032)
    .ARM.Collect$$libinit$$00000033          0x0000814e   Section        2  libinit2.o(.ARM.Collect$$libinit$$00000033)
    .ARM.Collect$$libshutdown$$00000000      0x00008150   Section        2  libshutdown.o(.ARM.Collect$$libshutdown$$00000000)
    .ARM.Collect$$libshutdown$$00000002      0x00008152   Section        0  libshutdown2.o(.ARM.Collect$$libshutdown$$00000002)
    .ARM.Collect$$libshutdown$$00000004      0x00008152   Section        0  libshutdown2.o(.ARM.Collect$$libshutdown$$00000004)
    .ARM.Collect$$libshutdown$$00000007      0x00008152   Section        0  libshutdown2.o(.ARM.Collect$$libshutdown$$00000007)
    .ARM.Collect$$libshutdown$$0000000A      0x00008152   Section        0  libshutdown2.o(.ARM.Collect$$libshutdown$$0000000A)
    .ARM.Collect$$libshutdown$$0000000C      0x00008152   Section        0  libshutdown2.o(.ARM.Collect$$libshutdown$$0000000C)
    .ARM.Collect$$libshutdown$$0000000F      0x00008152   Section        0  libshutdown2.o(.ARM.Collect$$libshutdown$$0000000F)
    .ARM.Collect$$libshutdown$$00000010      0x00008152   Section        2  libshutdown2.o(.ARM.Collect$$libshutdown$$00000010)
    .ARM.Collect$$rtentry$$00000000          0x00008154   Section        0  __rtentry.o(.ARM.Collect$$rtentry$$00000000)
    .ARM.Collect$$rtentry$$00000002          0x00008154   Section        0  __rtentry2.o(.ARM.Collect$$rtentry$$00000002)
    .ARM.Collect$$rtentry$$00000004          0x00008154   Section        6  __rtentry4.o(.ARM.Collect$$rtentry$$00000004)
    .ARM.Collect$$rtentry$$00000009          0x0000815a   Section        0  __rtentry2.o(.ARM.Collect$$rtentry$$00000009)
    .ARM.Collect$$rtentry$$0000000A          0x0000815a   Section        4  __rtentry2.o(.ARM.Collect$$rtentry$$0000000A)
    .ARM.Collect$$rtentry$$0000000C          0x0000815e   Section        0  __rtentry2.o(.ARM.Collect$$rtentry$$0000000C)
    .ARM.Collect$$rtentry$$0000000D          0x0000815e   Section        8  __rtentry2.o(.ARM.Collect$$rtentry$$0000000D)
    .ARM.Collect$$rtexit$$00000000           0x00008166   Section        2  rtexit.o(.ARM.Collect$$rtexit$$00000000)
    .ARM.Collect$$rtexit$$00000002           0x00008168   Section        0  rtexit2.o(.ARM.Collect$$rtexit$$00000002)
    .ARM.Collect$$rtexit$$00000003           0x00008168   Section        4  rtexit2.o(.ARM.Collect$$rtexit$$00000003)
    .ARM.Collect$$rtexit$$00000004           0x0000816c   Section        6  rtexit2.o(.ARM.Collect$$rtexit$$00000004)
    .text                                    0x00008174   Section     2062  asmpoly.o(.text)
    .text                                    0x00008984   Section       22  asmmisc.o(.text)
    .text                                    0x0000899c   Section       64  startup_sam3xa.o(.text)
    .text                                    0x000089dc   Section      138  rt_memcpy_v6.o(.text)
    .text                                    0x00008a66   Section      132  rt_memmove_v6.o(.text)
    .text                                    0x00008aea   Section        0  heapauxi.o(.text)
    .text                                    0x00008af0   Section      100  rt_memcpy_w.o(.text)
    .text                                    0x00008b54   Section      122  rt_memmove_w.o(.text)
    .text                                    0x00008bce   Section       74  sys_stackheap_outer.o(.text)
    .text                                    0x00008c18   Section        0  exit.o(.text)
    .text                                    0x00008c2c   Section        8  libspace.o(.text)
    .text                                    0x00008c34   Section        0  sys_exit.o(.text)
    .text                                    0x00008c40   Section        2  use_no_semi.o(.text)
    .text                                    0x00008c42   Section        0  indicate_semi.o(.text)
    i.AntiAlias                              0x00008c44   Section        0  imdct.o(i.AntiAlias)
    AntiAlias                                0x00008c45   Thumb Code   592  imdct.o(i.AntiAlias)
    i.CalcBitsUsed                           0x00008e98   Section        0  bitstream.o(i.CalcBitsUsed)
    i.CheckPadBit                            0x00008eaa   Section        0  bitstream.o(i.CheckPadBit)
    i.Conv16to12Mono                         0x00008ec8   Section        0  mp3 v2.o(i.Conv16to12Mono)
    i.Conv16to12Stereo                       0x00008f6c   Section        0  mp3 v2.o(i.Conv16to12Stereo)
    i.DecodeHuffman                          0x00008fe4   Section        0  huffman.o(i.DecodeHuffman)
    i.DecodeHuffmanPairs                     0x00009200   Section        0  huffman.o(i.DecodeHuffmanPairs)
    DecodeHuffmanPairs                       0x00009201   Thumb Code   896  huffman.o(i.DecodeHuffmanPairs)
    i.DecodeHuffmanQuads                     0x0000958c   Section        0  huffman.o(i.DecodeHuffmanQuads)
    DecodeHuffmanQuads                       0x0000958d   Thumb Code   366  huffman.o(i.DecodeHuffmanQuads)
    i.DequantBlock                           0x00009708   Section        0  dqchan.o(i.DequantBlock)
    DequantBlock                             0x00009709   Thumb Code   404  dqchan.o(i.DequantBlock)
    i.DequantChannel                         0x000098bc   Section        0  dqchan.o(i.DequantChannel)
    i.Dequantize                             0x00009b34   Section        0  dequant.o(i.Dequantize)
    i.FDCT32                                 0x00009db8   Section        0  dct32.o(i.FDCT32)
    i.FreqInvertRescale                      0x0000aae4   Section        0  imdct.o(i.FreqInvertRescale)
    FreqInvertRescale                        0x0000aae5   Thumb Code   516  imdct.o(i.FreqInvertRescale)
    i.GetBits                                0x0000ace8   Section        0  bitstream.o(i.GetBits)
    i.HybridTransform                        0x0000ad38   Section        0  imdct.o(i.HybridTransform)
    HybridTransform                          0x0000ad39   Thumb Code   360  imdct.o(i.HybridTransform)
    i.IMDCT                                  0x0000aea0   Section        0  imdct.o(i.IMDCT)
    i.IMDCT12x3                              0x0000b09c   Section        0  imdct.o(i.IMDCT12x3)
    IMDCT12x3                                0x0000b09d   Thumb Code   486  imdct.o(i.IMDCT12x3)
    i.IMDCT36                                0x0000b288   Section        0  imdct.o(i.IMDCT36)
    IMDCT36                                  0x0000b289   Thumb Code   572  imdct.o(i.IMDCT36)
    i.IntensityProcMPEG1                     0x0000b4d0   Section        0  stproc.o(i.IntensityProcMPEG1)
    i.IntensityProcMPEG2                     0x0000b7c0   Section        0  stproc.o(i.IntensityProcMPEG2)
    i.MP3ClearBadFrame                       0x0000ba8c   Section        0  mp3dec.o(i.MP3ClearBadFrame)
    MP3ClearBadFrame                         0x0000ba8d   Thumb Code    42  mp3dec.o(i.MP3ClearBadFrame)
    i.MP3Decode                              0x0000bab6   Section        0  mp3dec.o(i.MP3Decode)
    i.MP3FindFreeSync                        0x0000bdda   Section        0  mp3dec.o(i.MP3FindFreeSync)
    MP3FindFreeSync                          0x0000bddb   Thumb Code   100  mp3dec.o(i.MP3FindFreeSync)
    i.MP3FindSyncWord                        0x0000be3e   Section        0  mp3dec.o(i.MP3FindSyncWord)
    i.MP3GetLastFrameInfo                    0x0000be6c   Section        0  mp3dec.o(i.MP3GetLastFrameInfo)
    i.MP3InitDecoder                         0x0000bed0   Section        0  mp3 v2.o(i.MP3InitDecoder)
    i.MidSideProc                            0x0000bf10   Section        0  stproc.o(i.MidSideProc)
    i.RefillBitstreamCache                   0x0000bf7a   Section        0  bitstream.o(i.RefillBitstreamCache)
    RefillBitstreamCache                     0x0000bf7b   Thumb Code   136  bitstream.o(i.RefillBitstreamCache)
    i.SetBitstreamPointer                    0x0000c002   Section        0  bitstream.o(i.SetBitstreamPointer)
    i.Subband                                0x0000c010   Section        0  subband.o(i.Subband)
    i.SystemInit                             0x0000c124   Section        0  system_sam3xa.o(i.SystemInit)
    i.UnpackFrameHeader                      0x0000c1f8   Section        0  bitstream.o(i.UnpackFrameHeader)
    i.UnpackSFMPEG1                          0x0000c3ec   Section        0  scalfact.o(i.UnpackSFMPEG1)
    UnpackSFMPEG1                            0x0000c3ed   Thumb Code   444  scalfact.o(i.UnpackSFMPEG1)
    i.UnpackSFMPEG2                          0x0000c5ac   Section        0  scalfact.o(i.UnpackSFMPEG2)
    UnpackSFMPEG2                            0x0000c5ad   Thumb Code   672  scalfact.o(i.UnpackSFMPEG2)
    i.UnpackScaleFactors                     0x0000c850   Section        0  scalfact.o(i.UnpackScaleFactors)
    i.UnpackSideInfo                         0x0000c978   Section        0  bitstream.o(i.UnpackSideInfo)
    i.WinPrevious                            0x0000cba4   Section        0  imdct.o(i.WinPrevious)
    WinPrevious                              0x0000cba5   Thumb Code   336  imdct.o(i.WinPrevious)
    i.__NVIC_EnableIRQ                       0x0000ccf8   Section        0  mp3 v2.o(i.__NVIC_EnableIRQ)
    __NVIC_EnableIRQ                         0x0000ccf9   Thumb Code    34  mp3 v2.o(i.__NVIC_EnableIRQ)
    i.__NVIC_SetPriority                     0x0000cd1c   Section        0  mp3 v2.o(i.__NVIC_SetPriority)
    __NVIC_SetPriority                       0x0000cd1d   Thumb Code    32  mp3 v2.o(i.__NVIC_SetPriority)
    i.idct9                                  0x0000cd44   Section        0  imdct.o(i.idct9)
    idct9                                    0x0000cd45   Thumb Code   454  imdct.o(i.idct9)
    i.imdct12                                0x0000cf20   Section        0  imdct.o(i.imdct12)
    imdct12                                  0x0000cf21   Thumb Code   236  imdct.o(i.imdct12)
    i.main                                   0x0000d014   Section        0  mp3 v2.o(i.main)
    .constdata                               0x0000d2f4   Section      192  dct32.o(.constdata)
    dcttab                                   0x0000d2f4   Data         192  dct32.o(.constdata)
    .constdata                               0x0000d3b4   Section      592  dqchan.o(.constdata)
    preTab                                   0x0000d3b4   Data          22  dqchan.o(.constdata)
    pow14                                    0x0000d3cc   Data          16  dqchan.o(.constdata)
    pow43_14                                 0x0000d3dc   Data         256  dqchan.o(.constdata)
    pow43                                    0x0000d4dc   Data         192  dqchan.o(.constdata)
    poly43lo                                 0x0000d59c   Data          20  dqchan.o(.constdata)
    poly43hi                                 0x0000d5b0   Data          20  dqchan.o(.constdata)
    pow2exp                                  0x0000d5c4   Data          32  dqchan.o(.constdata)
    pow2frac                                 0x0000d5e4   Data          32  dqchan.o(.constdata)
    .constdata                               0x0000d604   Section     8964  hufftabs.o(.constdata)
    .constdata                               0x0000f908   Section      120  imdct.o(.constdata)
    c18                                      0x0000f908   Data          36  imdct.o(.constdata)
    fastWin36                                0x0000f92c   Data          72  imdct.o(.constdata)
    c6                                       0x0000f974   Data          12  imdct.o(.constdata)
    .constdata                               0x0000f980   Section     1278  mp3tabs.o(.constdata)
    .constdata                               0x0000fe7e   Section      104  scalfact.o(.constdata)
    SFLenTab                                 0x0000fe7e   Data          32  scalfact.o(.constdata)
    NRTab                                    0x0000fe9e   Data          72  scalfact.o(.constdata)
    .constdata                               0x0000fee8   Section     2156  trigtabs_fixpt.o(.constdata)
    .data                                    0x00010764   Section       24  mp3 v2.o(.data)
    .data                                    0x0001077c   Section        4  system_sam3xa.o(.data)
    .bss                                     0x00010780   Section    55208  mp3 v2.o(.bss)
    .bss                                     0x0001df28   Section       96  libspace.o(.bss)
    HEAP                                     0x0001df88   Section      512  startup_sam3xa.o(HEAP)
    Heap_Mem                                 0x0001df88   Data         512  startup_sam3xa.o(HEAP)
    STACK                                    0x0001e188   Section      512  startup_sam3xa.o(STACK)
    Stack_Mem                                0x0001e188   Data         512  startup_sam3xa.o(STACK)
    __initial_sp                             0x0001e388   Data           0  startup_sam3xa.o(STACK)

    Global Symbols

    Symbol Name                              Value     Ov Type        Size  Object(Section)

    BuildAttributes$$THM_ISAv4$P$D$K$B$S$PE$A:L22UL41UL21$X:L11$S22US41US21$IEEE1$IW$USESV6$~STKCKD$USESV7$~SHL$OSPACE$ROPI$EBA8$UX$STANDARDLIB$REQ8$EABIv2 0x00000000   Number         0  anon$$obj.o ABSOLUTE
    __ARM_use_no_argv                        0x00000000   Number         0  mp3 v2.o ABSOLUTE
    __ARM_exceptions_init                     - Undefined Weak Reference
    __alloca_initialize                       - Undefined Weak Reference
    __arm_preinit_                            - Undefined Weak Reference
    __cpp_initialize__aeabi_                  - Undefined Weak Reference
    __cxa_finalize                            - Undefined Weak Reference
    __rt_locale                               - Undefined Weak Reference
    __sigvec_lookup                           - Undefined Weak Reference
    _atexit_init                              - Undefined Weak Reference
    _call_atexit_fns                          - Undefined Weak Reference
    _clock_init                               - Undefined Weak Reference
    _fp_trap_init                             - Undefined Weak Reference
    _fp_trap_shutdown                         - Undefined Weak Reference
    _get_lc_collate                           - Undefined Weak Reference
    _get_lc_ctype                             - Undefined Weak Reference
    _get_lc_monetary                          - Undefined Weak Reference
    _get_lc_numeric                           - Undefined Weak Reference
    _get_lc_time                              - Undefined Weak Reference
    _getenv_init                              - Undefined Weak Reference
    _handle_redirection                       - Undefined Weak Reference
    _init_alloc                               - Undefined Weak Reference
    _init_user_alloc                          - Undefined Weak Reference
    _initio                                   - Undefined Weak Reference
    _rand_init                                - Undefined Weak Reference
    _signal_finish                            - Undefined Weak Reference
    _signal_init                              - Undefined Weak Reference
    _terminate_alloc                          - Undefined Weak Reference
    _terminate_user_alloc                     - Undefined Weak Reference
    _terminateio                              - Undefined Weak Reference
    __Vectors                                0x00008000   Data           4  startup_sam3xa.o(RESET)
    __main                                   0x000080f5   Thumb Code     8  __main.o(!!!main)
    __scatterload                            0x000080fd   Thumb Code     0  __scatter.o(!!!scatter)
    __scatterload_rt2                        0x000080fd   Thumb Code    44  __scatter.o(!!!scatter)
    __scatterload_rt2_thumb_only             0x000080fd   Thumb Code     0  __scatter.o(!!!scatter)
    __scatterload_null                       0x0000810b   Thumb Code     0  __scatter.o(!!!scatter)
    __scatterload_zeroinit                   0x00008131   Thumb Code    28  __scatter_zi.o(!!handler_zi)
    __rt_lib_init                            0x0000814d   Thumb Code     0  libinit.o(.ARM.Collect$$libinit$$00000000)
    __rt_lib_init_alloca_1                   0x0000814f   Thumb Code     0  libinit2.o(.ARM.Collect$$libinit$$0000002E)
    __rt_lib_init_argv_1                     0x0000814f   Thumb Code     0  libinit2.o(.ARM.Collect$$libinit$$0000002C)
    __rt_lib_init_atexit_1                   0x0000814f   Thumb Code     0  libinit2.o(.ARM.Collect$$libinit$$0000001B)
    __rt_lib_init_clock_1                    0x0000814f   Thumb Code     0  libinit2.o(.ARM.Collect$$libinit$$00000021)
    __rt_lib_init_cpp_1                      0x0000814f   Thumb Code     0  libinit2.o(.ARM.Collect$$libinit$$00000032)
    __rt_lib_init_exceptions_1               0x0000814f   Thumb Code     0  libinit2.o(.ARM.Collect$$libinit$$00000030)
    __rt_lib_init_fp_1                       0x0000814f   Thumb Code     0  libinit2.o(.ARM.Collect$$libinit$$00000002)
    __rt_lib_init_fp_trap_1                  0x0000814f   Thumb Code     0  libinit2.o(.ARM.Collect$$libinit$$0000001F)
    __rt_lib_init_getenv_1                   0x0000814f   Thumb Code     0  libinit2.o(.ARM.Collect$$libinit$$00000023)
    __rt_lib_init_heap_1                     0x0000814f   Thumb Code     0  libinit2.o(.ARM.Collect$$libinit$$0000000A)
    __rt_lib_init_lc_collate_1               0x0000814f   Thumb Code     0  libinit2.o(.ARM.Collect$$libinit$$00000011)
    __rt_lib_init_lc_ctype_1                 0x0000814f   Thumb Code     0  libinit2.o(.ARM.Collect$$libinit$$00000013)
    __rt_lib_init_lc_monetary_1              0x0000814f   Thumb Code     0  libinit2.o(.ARM.Collect$$libinit$$00000015)
    __rt_lib_init_lc_numeric_1               0x0000814f   Thumb Code     0  libinit2.o(.ARM.Collect$$libinit$$00000017)
    __rt_lib_init_lc_time_1                  0x0000814f   Thumb Code     0  libinit2.o(.ARM.Collect$$libinit$$00000019)
    __rt_lib_init_preinit_1                  0x0000814f   Thumb Code     0  libinit2.o(.ARM.Collect$$libinit$$00000004)
    __rt_lib_init_rand_1                     0x0000814f   Thumb Code     0  libinit2.o(.ARM.Collect$$libinit$$0000000E)
    __rt_lib_init_return                     0x0000814f   Thumb Code     0  libinit2.o(.ARM.Collect$$libinit$$00000033)
    __rt_lib_init_signal_1                   0x0000814f   Thumb Code     0  libinit2.o(.ARM.Collect$$libinit$$0000001D)
    __rt_lib_init_stdio_1                    0x0000814f   Thumb Code     0  libinit2.o(.ARM.Collect$$libinit$$00000025)
    __rt_lib_init_user_alloc_1               0x0000814f   Thumb Code     0  libinit2.o(.ARM.Collect$$libinit$$0000000C)
    __rt_lib_shutdown                        0x00008151   Thumb Code     0  libshutdown.o(.ARM.Collect$$libshutdown$$00000000)
    __rt_lib_shutdown_cpp_1                  0x00008153   Thumb Code     0  libshutdown2.o(.ARM.Collect$$libshutdown$$00000002)
    __rt_lib_shutdown_fp_trap_1              0x00008153   Thumb Code     0  libshutdown2.o(.ARM.Collect$$libshutdown$$00000007)
    __rt_lib_shutdown_heap_1                 0x00008153   Thumb Code     0  libshutdown2.o(.ARM.Collect$$libshutdown$$0000000F)
    __rt_lib_shutdown_return                 0x00008153   Thumb Code     0  libshutdown2.o(.ARM.Collect$$libshutdown$$00000010)
    __rt_lib_shutdown_signal_1               0x00008153   Thumb Code     0  libshutdown2.o(.ARM.Collect$$libshutdown$$0000000A)
    __rt_lib_shutdown_stdio_1                0x00008153   Thumb Code     0  libshutdown2.o(.ARM.Collect$$libshutdown$$00000004)
    __rt_lib_shutdown_user_alloc_1           0x00008153   Thumb Code     0  libshutdown2.o(.ARM.Collect$$libshutdown$$0000000C)
    __rt_entry                               0x00008155   Thumb Code     0  __rtentry.o(.ARM.Collect$$rtentry$$00000000)
    __rt_entry_presh_1                       0x00008155   Thumb Code     0  __rtentry2.o(.ARM.Collect$$rtentry$$00000002)
    __rt_entry_sh                            0x00008155   Thumb Code     0  __rtentry4.o(.ARM.Collect$$rtentry$$00000004)
    __rt_entry_li                            0x0000815b   Thumb Code     0  __rtentry2.o(.ARM.Collect$$rtentry$$0000000A)
    __rt_entry_postsh_1                      0x0000815b   Thumb Code     0  __rtentry2.o(.ARM.Collect$$rtentry$$00000009)
    __rt_entry_main                          0x0000815f   Thumb Code     0  __rtentry2.o(.ARM.Collect$$rtentry$$0000000D)
    __rt_entry_postli_1                      0x0000815f   Thumb Code     0  __rtentry2.o(.ARM.Collect$$rtentry$$0000000C)
    __rt_exit                                0x00008167   Thumb Code     0  rtexit.o(.ARM.Collect$$rtexit$$00000000)
    __rt_exit_ls                             0x00008169   Thumb Code     0  rtexit2.o(.ARM.Collect$$rtexit$$00000003)
    __rt_exit_prels_1                        0x00008169   Thumb Code     0  rtexit2.o(.ARM.Collect$$rtexit$$00000002)
    __rt_exit_exit                           0x0000816d   Thumb Code     0  rtexit2.o(.ARM.Collect$$rtexit$$00000004)
    PolyphaseStereo                          0x00008175   Thumb Code  1308  asmpoly.o(.text)
    PolyphaseMono                            0x00008691   Thumb Code   754  asmpoly.o(.text)
    xmp3_MULSHIFT32                          0x00008985   Thumb Code     0  asmmisc.o(.text)
    FASTABS                                  0x0000898b   Thumb Code     0  asmmisc.o(.text)
    CLZ                                      0x00008995   Thumb Code     0  asmmisc.o(.text)
    Reset_Handler                            0x0000899d   Thumb Code     8  startup_sam3xa.o(.text)
    NMI_Handler                              0x000089a5   Thumb Code     2  startup_sam3xa.o(.text)
    HardFault_Handler                        0x000089a7   Thumb Code     2  startup_sam3xa.o(.text)
    MemManage_Handler                        0x000089a9   Thumb Code     2  startup_sam3xa.o(.text)
    BusFault_Handler                         0x000089ab   Thumb Code     2  startup_sam3xa.o(.text)
    UsageFault_Handler                       0x000089ad   Thumb Code     2  startup_sam3xa.o(.text)
    SVC_Handler                              0x000089af   Thumb Code     2  startup_sam3xa.o(.text)
    DebugMon_Handler                         0x000089b1   Thumb Code     2  startup_sam3xa.o(.text)
    PendSV_Handler                           0x000089b3   Thumb Code     2  startup_sam3xa.o(.text)
    SysTick_Handler                          0x000089b5   Thumb Code     2  startup_sam3xa.o(.text)
    ADC_IRQHandler                           0x000089b7   Thumb Code     0  startup_sam3xa.o(.text)
    CAN0_IRQHandler                          0x000089b7   Thumb Code     0  startup_sam3xa.o(.text)
    CAN1_IRQHandler                          0x000089b7   Thumb Code     0  startup_sam3xa.o(.text)
    DACC_IRQHandler                          0x000089b7   Thumb Code     0  startup_sam3xa.o(.text)
    DMAC_IRQHandler                          0x000089b7   Thumb Code     0  startup_sam3xa.o(.text)
    EFC0_IRQHandler                          0x000089b7   Thumb Code     0  startup_sam3xa.o(.text)
    EFC1_IRQHandler                          0x000089b7   Thumb Code     0  startup_sam3xa.o(.text)
    EMAC_IRQHandler                          0x000089b7   Thumb Code     0  startup_sam3xa.o(.text)
    HSMCI_IRQHandler                         0x000089b7   Thumb Code     0  startup_sam3xa.o(.text)
    PIOA_IRQHandler                          0x000089b7   Thumb Code     0  startup_sam3xa.o(.text)
    PIOB_IRQHandler                          0x000089b7   Thumb Code     0  startup_sam3xa.o(.text)
    PIOC_IRQHandler                          0x000089b7   Thumb Code     0  startup_sam3xa.o(.text)
    PIOD_IRQHandler                          0x000089b7   Thumb Code     0  startup_sam3xa.o(.text)
    PIOE_IRQHandler                          0x000089b7   Thumb Code     0  startup_sam3xa.o(.text)
    PIOF_IRQHandler                          0x000089b7   Thumb Code     0  startup_sam3xa.o(.text)
    PMC_IRQHandler                           0x000089b7   Thumb Code     0  startup_sam3xa.o(.text)
    PWM_IRQHandler                           0x000089b7   Thumb Code     0  startup_sam3xa.o(.text)
    RSTC_IRQHandler                          0x000089b7   Thumb Code     0  startup_sam3xa.o(.text)
    RTC_IRQHandler                           0x000089b7   Thumb Code     0  startup_sam3xa.o(.text)
    RTT_IRQHandler                           0x000089b7   Thumb Code     0  startup_sam3xa.o(.text)
    SDRAMC_IRQHandler                        0x000089b7   Thumb Code     0  startup_sam3xa.o(.text)
    SMC_IRQHandler                           0x000089b7   Thumb Code     0  startup_sam3xa.o(.text)
    SPI0_IRQHandler                          0x000089b7   Thumb Code     0  startup_sam3xa.o(.text)
    SPI1_IRQHandler                          0x000089b7   Thumb Code     0  startup_sam3xa.o(.text)
    SSC_IRQHandler                           0x000089b7   Thumb Code     0  startup_sam3xa.o(.text)
    SUPC_IRQHandler                          0x000089b7   Thumb Code     0  startup_sam3xa.o(.text)
    TC0_IRQHandler                           0x000089b7   Thumb Code     0  startup_sam3xa.o(.text)
    TC1_IRQHandler                           0x000089b7   Thumb Code     0  startup_sam3xa.o(.text)
    TC2_IRQHandler                           0x000089b7   Thumb Code     0  startup_sam3xa.o(.text)
    TC3_IRQHandler                           0x000089b7   Thumb Code     0  startup_sam3xa.o(.text)
    TC4_IRQHandler                           0x000089b7   Thumb Code     0  startup_sam3xa.o(.text)
    TC5_IRQHandler                           0x000089b7   Thumb Code     0  startup_sam3xa.o(.text)
    TC6_IRQHandler                           0x000089b7   Thumb Code     0  startup_sam3xa.o(.text)
    TC7_IRQHandler                           0x000089b7   Thumb Code     0  startup_sam3xa.o(.text)
    TC8_IRQHandler                           0x000089b7   Thumb Code     0  startup_sam3xa.o(.text)
    TRNG_IRQHandler                          0x000089b7   Thumb Code     0  startup_sam3xa.o(.text)
    TWI0_IRQHandler                          0x000089b7   Thumb Code     0  startup_sam3xa.o(.text)
    TWI1_IRQHandler                          0x000089b7   Thumb Code     0  startup_sam3xa.o(.text)
    UART_IRQHandler                          0x000089b7   Thumb Code     0  startup_sam3xa.o(.text)
    UOTGHS_IRQHandler                        0x000089b7   Thumb Code     0  startup_sam3xa.o(.text)
    USART0_IRQHandler                        0x000089b7   Thumb Code     0  startup_sam3xa.o(.text)
    USART1_IRQHandler                        0x000089b7   Thumb Code     0  startup_sam3xa.o(.text)
    USART2_IRQHandler                        0x000089b7   Thumb Code     0  startup_sam3xa.o(.text)
    USART3_IRQHandler                        0x000089b7   Thumb Code     0  startup_sam3xa.o(.text)
    WDT_IRQHandler                           0x000089b7   Thumb Code     0  startup_sam3xa.o(.text)
    __user_initial_stackheap                 0x000089b9   Thumb Code     0  startup_sam3xa.o(.text)
    __aeabi_memcpy                           0x000089dd   Thumb Code     0  rt_memcpy_v6.o(.text)
    __rt_memcpy                              0x000089dd   Thumb Code   138  rt_memcpy_v6.o(.text)
    _memcpy_lastbytes                        0x00008a43   Thumb Code     0  rt_memcpy_v6.o(.text)
    __aeabi_memmove                          0x00008a67   Thumb Code     0  rt_memmove_v6.o(.text)
    __rt_memmove                             0x00008a67   Thumb Code   132  rt_memmove_v6.o(.text)
    __memmove_lastfew                        0x00008ac7   Thumb Code     0  rt_memmove_v6.o(.text)
    __use_two_region_memory                  0x00008aeb   Thumb Code     2  heapauxi.o(.text)
    __rt_heap_escrow$2region                 0x00008aed   Thumb Code     2  heapauxi.o(.text)
    __rt_heap_expand$2region                 0x00008aef   Thumb Code     2  heapauxi.o(.text)
    __aeabi_memcpy4                          0x00008af1   Thumb Code     0  rt_memcpy_w.o(.text)
    __aeabi_memcpy8                          0x00008af1   Thumb Code     0  rt_memcpy_w.o(.text)
    __rt_memcpy_w                            0x00008af1   Thumb Code   100  rt_memcpy_w.o(.text)
    _memcpy_lastbytes_aligned                0x00008b39   Thumb Code     0  rt_memcpy_w.o(.text)
    __aeabi_memmove4                         0x00008b55   Thumb Code     0  rt_memmove_w.o(.text)
    __aeabi_memmove8                         0x00008b55   Thumb Code     0  rt_memmove_w.o(.text)
    __rt_memmove_w                           0x00008b55   Thumb Code   122  rt_memmove_w.o(.text)
    __memmove_aligned                        0x00008b7b   Thumb Code     0  rt_memmove_w.o(.text)
    __memmove_lastfew_aligned                0x00008bb3   Thumb Code     0  rt_memmove_w.o(.text)
    __user_setup_stackheap                   0x00008bcf   Thumb Code    74  sys_stackheap_outer.o(.text)
    exit                                     0x00008c19   Thumb Code    18  exit.o(.text)
    __user_libspace                          0x00008c2d   Thumb Code     8  libspace.o(.text)
    __user_perproc_libspace                  0x00008c2d   Thumb Code     0  libspace.o(.text)
    __user_perthread_libspace                0x00008c2d   Thumb Code     0  libspace.o(.text)
    _sys_exit                                0x00008c35   Thumb Code     8  sys_exit.o(.text)
    __I$use$semihosting                      0x00008c41   Thumb Code     0  use_no_semi.o(.text)
    __use_no_semihosting_swi                 0x00008c41   Thumb Code     2  use_no_semi.o(.text)
    __semihosting_library_function           0x00008c43   Thumb Code     0  indicate_semi.o(.text)
    CalcBitsUsed                             0x00008e99   Thumb Code    18  bitstream.o(i.CalcBitsUsed)
    CheckPadBit                              0x00008eab   Thumb Code    28  bitstream.o(i.CheckPadBit)
    Conv16to12Mono                           0x00008ec9   Thumb Code   154  mp3 v2.o(i.Conv16to12Mono)
    Conv16to12Stereo                         0x00008f6d   Thumb Code   112  mp3 v2.o(i.Conv16to12Stereo)
    DecodeHuffman                            0x00008fe5   Thumb Code   538  huffman.o(i.DecodeHuffman)
    DequantChannel                           0x000098bd   Thumb Code   626  dqchan.o(i.DequantChannel)
    Dequantize                               0x00009b35   Thumb Code   640  dequant.o(i.Dequantize)
    FDCT32                                   0x00009db9   Thumb Code  3372  dct32.o(i.FDCT32)
    GetBits                                  0x0000ace9   Thumb Code    80  bitstream.o(i.GetBits)
    IMDCT                                    0x0000aea1   Thumb Code   506  imdct.o(i.IMDCT)
    IntensityProcMPEG1                       0x0000b4d1   Thumb Code   744  stproc.o(i.IntensityProcMPEG1)
    IntensityProcMPEG2                       0x0000b7c1   Thumb Code   706  stproc.o(i.IntensityProcMPEG2)
    MP3Decode                                0x0000bab7   Thumb Code   804  mp3dec.o(i.MP3Decode)
    MP3FindSyncWord                          0x0000be3f   Thumb Code    44  mp3dec.o(i.MP3FindSyncWord)
    MP3GetLastFrameInfo                      0x0000be6d   Thumb Code    94  mp3dec.o(i.MP3GetLastFrameInfo)
    MP3InitDecoder                           0x0000bed1   Thumb Code    32  mp3 v2.o(i.MP3InitDecoder)
    MidSideProc                              0x0000bf11   Thumb Code   106  stproc.o(i.MidSideProc)
    SetBitstreamPointer                      0x0000c003   Thumb Code    12  bitstream.o(i.SetBitstreamPointer)
    Subband                                  0x0000c011   Thumb Code   272  subband.o(i.Subband)
    SystemInit                               0x0000c125   Thumb Code   182  system_sam3xa.o(i.SystemInit)
    UnpackFrameHeader                        0x0000c1f9   Thumb Code   474  bitstream.o(i.UnpackFrameHeader)
    UnpackScaleFactors                       0x0000c851   Thumb Code   296  scalfact.o(i.UnpackScaleFactors)
    UnpackSideInfo                           0x0000c979   Thumb Code   556  bitstream.o(i.UnpackSideInfo)
    main                                     0x0000d015   Thumb Code   622  mp3 v2.o(i.main)
    huffTable                                0x0000d604   Data        8484  hufftabs.o(.constdata)
    huffTabOffset                            0x0000f728   Data         128  hufftabs.o(.constdata)
    huffTabLookup                            0x0000f7a8   Data         256  hufftabs.o(.constdata)
    quadTable                                0x0000f8a8   Data          80  hufftabs.o(.constdata)
    quadTabOffset                            0x0000f8f8   Data           8  hufftabs.o(.constdata)
    quadTabMaxBits                           0x0000f900   Data           8  hufftabs.o(.constdata)
    samplerateTab                            0x0000f980   Data          36  mp3tabs.o(.constdata)
    bitrateTab                               0x0000f9a4   Data         270  mp3tabs.o(.constdata)
    samplesPerFrameTab                       0x0000fab2   Data          18  mp3tabs.o(.constdata)
    bitsPerSlotTab                           0x0000fac4   Data           6  mp3tabs.o(.constdata)
    sideBytesTab                             0x0000faca   Data          12  mp3tabs.o(.constdata)
    slotTab                                  0x0000fad6   Data         270  mp3tabs.o(.constdata)
    sfBandTable                              0x0000fbe4   Data         666  mp3tabs.o(.constdata)
    imdctWin                                 0x0000fee8   Data         576  trigtabs_fixpt.o(.constdata)
    ISFMpeg1                                 0x00010128   Data          56  trigtabs_fixpt.o(.constdata)
    ISFMpeg2                                 0x00010160   Data         256  trigtabs_fixpt.o(.constdata)
    ISFIIP                                   0x00010260   Data          16  trigtabs_fixpt.o(.constdata)
    uniqueIDTab                              0x00010270   Data           8  trigtabs_fixpt.o(.constdata)
    csa                                      0x00010278   Data          64  trigtabs_fixpt.o(.constdata)
    coef32                                   0x000102b8   Data         124  trigtabs_fixpt.o(.constdata)
    polyCoef                                 0x00010334   Data        1056  trigtabs_fixpt.o(.constdata)
    Region$$Table$$Base                      0x00010754   Number         0  anon$$obj.o(Region$$Table)
    Region$$Table$$Limit                     0x00010764   Number         0  anon$$obj.o(Region$$Table)
    iData                                    0x00010764   Data           4  mp3 v2.o(.data)
    bytesleft                                0x00010768   Data           4  mp3 v2.o(.data)
    bO                                       0x0001076c   Data           4  mp3 v2.o(.data)
    Samples                                  0x00010770   Data           4  mp3 v2.o(.data)
    read_ptr                                 0x00010774   Data           4  mp3 v2.o(.data)
    Conv16to12                               0x00010778   Data           4  mp3 v2.o(.data)
    SystemCoreClock                          0x0001077c   Data           4  system_sam3xa.o(.data)
    mp3DecInfo                               0x00010780   Data        2032  mp3 v2.o(.bss)
    fh                                       0x00010f70   Data          56  mp3 v2.o(.bss)
    si                                       0x00010fa8   Data         328  mp3 v2.o(.bss)
    sfi                                      0x000110f0   Data         284  mp3 v2.o(.bss)
    hi                                       0x0001120c   Data        4624  mp3 v2.o(.bss)
    di                                       0x0001241c   Data         840  mp3 v2.o(.bss)
    mi                                       0x00012764   Data        6944  mp3 v2.o(.bss)
    sbi                                      0x00014284   Data        8708  mp3 v2.o(.bss)
    oData                                    0x00016488   Data       18432  mp3 v2.o(.bss)
    FulliData                                0x0001ac88   Data       12960  mp3 v2.o(.bss)
    __libspace_start                         0x0001df28   Data          96  libspace.o(.bss)
    __temporary_stack_top$libspace           0x0001df88   Data           0  libspace.o(.bss)



==============================================================================

Memory Map of the image

  Image Entry point : 0x0000899d

  Load Region LR_1 (Base: 0x00008000, Size: 0x00008780, Max: 0xffffffff, ABSOLUTE)

    Execution Region ER_RO (Exec base: 0x00008000, Load base: 0x00008000, Size: 0x00008764, Max: 0xffffffff, ABSOLUTE)

    Exec Addr    Load Addr    Size         Type   Attr      Idx    E Section Name        Object

    0x00008000   0x00008000   0x000000f4   Data   RO          642    RESET               startup_sam3xa.o
    0x000080f4   0x000080f4   0x00000008   Code   RO          698  * !!!main             c_w.l(__main.o)
    0x000080fc   0x000080fc   0x00000034   Code   RO          859    !!!scatter          c_w.l(__scatter.o)
    0x00008130   0x00008130   0x0000001c   Code   RO          861    !!handler_zi        c_w.l(__scatter_zi.o)
    0x0000814c   0x0000814c   0x00000002   Code   RO          729    .ARM.Collect$$libinit$$00000000  c_w.l(libinit.o)
    0x0000814e   0x0000814e   0x00000000   Code   RO          736    .ARM.Collect$$libinit$$00000002  c_w.l(libinit2.o)
    0x0000814e   0x0000814e   0x00000000   Code   RO          738    .ARM.Collect$$libinit$$00000004  c_w.l(libinit2.o)
    0x0000814e   0x0000814e   0x00000000   Code   RO          741    .ARM.Collect$$libinit$$0000000A  c_w.l(libinit2.o)
    0x0000814e   0x0000814e   0x00000000   Code   RO          743    .ARM.Collect$$libinit$$0000000C  c_w.l(libinit2.o)
    0x0000814e   0x0000814e   0x00000000   Code   RO          745    .ARM.Collect$$libinit$$0000000E  c_w.l(libinit2.o)
    0x0000814e   0x0000814e   0x00000000   Code   RO          748    .ARM.Collect$$libinit$$00000011  c_w.l(libinit2.o)
    0x0000814e   0x0000814e   0x00000000   Code   RO          750    .ARM.Collect$$libinit$$00000013  c_w.l(libinit2.o)
    0x0000814e   0x0000814e   0x00000000   Code   RO          752    .ARM.Collect$$libinit$$00000015  c_w.l(libinit2.o)
    0x0000814e   0x0000814e   0x00000000   Code   RO          754    .ARM.Collect$$libinit$$00000017  c_w.l(libinit2.o)
    0x0000814e   0x0000814e   0x00000000   Code   RO          756    .ARM.Collect$$libinit$$00000019  c_w.l(libinit2.o)
    0x0000814e   0x0000814e   0x00000000   Code   RO          758    .ARM.Collect$$libinit$$0000001B  c_w.l(libinit2.o)
    0x0000814e   0x0000814e   0x00000000   Code   RO          760    .ARM.Collect$$libinit$$0000001D  c_w.l(libinit2.o)
    0x0000814e   0x0000814e   0x00000000   Code   RO          762    .ARM.Collect$$libinit$$0000001F  c_w.l(libinit2.o)
    0x0000814e   0x0000814e   0x00000000   Code   RO          764    .ARM.Collect$$libinit$$00000021  c_w.l(libinit2.o)
    0x0000814e   0x0000814e   0x00000000   Code   RO          766    .ARM.Collect$$libinit$$00000023  c_w.l(libinit2.o)
    0x0000814e   0x0000814e   0x00000000   Code   RO          768    .ARM.Collect$$libinit$$00000025  c_w.l(libinit2.o)
    0x0000814e   0x0000814e   0x00000000   Code   RO          772    .ARM.Collect$$libinit$$0000002C  c_w.l(libinit2.o)
    0x0000814e   0x0000814e   0x00000000   Code   RO          774    .ARM.Collect$$libinit$$0000002E  c_w.l(libinit2.o)
    0x0000814e   0x0000814e   0x00000000   Code   RO          776    .ARM.Collect$$libinit$$00000030  c_w.l(libinit2.o)
    0x0000814e   0x0000814e   0x00000000   Code   RO          778    .ARM.Collect$$libinit$$00000032  c_w.l(libinit2.o)
    0x0000814e   0x0000814e   0x00000002   Code   RO          779    .ARM.Collect$$libinit$$00000033  c_w.l(libinit2.o)
    0x00008150   0x00008150   0x00000002   Code   RO          799    .ARM.Collect$$libshutdown$$00000000  c_w.l(libshutdown.o)
    0x00008152   0x00008152   0x00000000   Code   RO          812    .ARM.Collect$$libshutdown$$00000002  c_w.l(libshutdown2.o)
    0x00008152   0x00008152   0x00000000   Code   RO          814    .ARM.Collect$$libshutdown$$00000004  c_w.l(libshutdown2.o)
    0x00008152   0x00008152   0x00000000   Code   RO          817    .ARM.Collect$$libshutdown$$00000007  c_w.l(libshutdown2.o)
    0x00008152   0x00008152   0x00000000   Code   RO          820    .ARM.Collect$$libshutdown$$0000000A  c_w.l(libshutdown2.o)
    0x00008152   0x00008152   0x00000000   Code   RO          822    .ARM.Collect$$libshutdown$$0000000C  c_w.l(libshutdown2.o)
    0x00008152   0x00008152   0x00000000   Code   RO          825    .ARM.Collect$$libshutdown$$0000000F  c_w.l(libshutdown2.o)
    0x00008152   0x00008152   0x00000002   Code   RO          826    .ARM.Collect$$libshutdown$$00000010  c_w.l(libshutdown2.o)
    0x00008154   0x00008154   0x00000000   Code   RO          700    .ARM.Collect$$rtentry$$00000000  c_w.l(__rtentry.o)
    0x00008154   0x00008154   0x00000000   Code   RO          706    .ARM.Collect$$rtentry$$00000002  c_w.l(__rtentry2.o)
    0x00008154   0x00008154   0x00000006   Code   RO          718    .ARM.Collect$$rtentry$$00000004  c_w.l(__rtentry4.o)
    0x0000815a   0x0000815a   0x00000000   Code   RO          708    .ARM.Collect$$rtentry$$00000009  c_w.l(__rtentry2.o)
    0x0000815a   0x0000815a   0x00000004   Code   RO          709    .ARM.Collect$$rtentry$$0000000A  c_w.l(__rtentry2.o)
    0x0000815e   0x0000815e   0x00000000   Code   RO          711    .ARM.Collect$$rtentry$$0000000C  c_w.l(__rtentry2.o)
    0x0000815e   0x0000815e   0x00000008   Code   RO          712    .ARM.Collect$$rtentry$$0000000D  c_w.l(__rtentry2.o)
    0x00008166   0x00008166   0x00000002   Code   RO          733    .ARM.Collect$$rtexit$$00000000  c_w.l(rtexit.o)
    0x00008168   0x00008168   0x00000000   Code   RO          781    .ARM.Collect$$rtexit$$00000002  c_w.l(rtexit2.o)
    0x00008168   0x00008168   0x00000004   Code   RO          782    .ARM.Collect$$rtexit$$00000003  c_w.l(rtexit2.o)
    0x0000816c   0x0000816c   0x00000006   Code   RO          783    .ARM.Collect$$rtexit$$00000004  c_w.l(rtexit2.o)
    0x00008172   0x00008172   0x00000002   PAD
    0x00008174   0x00008174   0x0000080e   Code   RO          633    .text               asmpoly.o
    0x00008982   0x00008982   0x00000002   PAD
    0x00008984   0x00008984   0x00000016   Code   RO          637    .text               asmmisc.o
    0x0000899a   0x0000899a   0x00000002   PAD
    0x0000899c   0x0000899c   0x00000040   Code   RO          643  * .text               startup_sam3xa.o
    0x000089dc   0x000089dc   0x0000008a   Code   RO          692    .text               c_w.l(rt_memcpy_v6.o)
    0x00008a66   0x00008a66   0x00000084   Code   RO          694    .text               c_w.l(rt_memmove_v6.o)
    0x00008aea   0x00008aea   0x00000006   Code   RO          696    .text               c_w.l(heapauxi.o)
    0x00008af0   0x00008af0   0x00000064   Code   RO          701    .text               c_w.l(rt_memcpy_w.o)
    0x00008b54   0x00008b54   0x0000007a   Code   RO          703    .text               c_w.l(rt_memmove_w.o)
    0x00008bce   0x00008bce   0x0000004a   Code   RO          720    .text               c_w.l(sys_stackheap_outer.o)
    0x00008c18   0x00008c18   0x00000012   Code   RO          722    .text               c_w.l(exit.o)
    0x00008c2a   0x00008c2a   0x00000002   PAD
    0x00008c2c   0x00008c2c   0x00000008   Code   RO          730    .text               c_w.l(libspace.o)
    0x00008c34   0x00008c34   0x0000000c   Code   RO          791    .text               c_w.l(sys_exit.o)
    0x00008c40   0x00008c40   0x00000002   Code   RO          802    .text               c_w.l(use_no_semi.o)
    0x00008c42   0x00008c42   0x00000000   Code   RO          804    .text               c_w.l(indicate_semi.o)
    0x00008c42   0x00008c42   0x00000002   PAD
    0x00008c44   0x00008c44   0x00000254   Code   RO          454    i.AntiAlias         imdct.o
    0x00008e98   0x00008e98   0x00000012   Code   RO          313    i.CalcBitsUsed      bitstream.o
    0x00008eaa   0x00008eaa   0x0000001c   Code   RO          314    i.CheckPadBit       bitstream.o
    0x00008ec6   0x00008ec6   0x00000002   PAD
    0x00008ec8   0x00008ec8   0x000000a4   Code   RO            4    i.Conv16to12Mono    mp3 v2.o
    0x00008f6c   0x00008f6c   0x00000078   Code   RO            5    i.Conv16to12Stereo  mp3 v2.o
    0x00008fe4   0x00008fe4   0x0000021a   Code   RO          419    i.DecodeHuffman     huffman.o
    0x000091fe   0x000091fe   0x00000002   PAD
    0x00009200   0x00009200   0x0000038c   Code   RO          420    i.DecodeHuffmanPairs  huffman.o
    0x0000958c   0x0000958c   0x0000017c   Code   RO          421    i.DecodeHuffmanQuads  huffman.o
    0x00009708   0x00009708   0x000001b4   Code   RO          400    i.DequantBlock      dqchan.o
    0x000098bc   0x000098bc   0x00000278   Code   RO          401    i.DequantChannel    dqchan.o
    0x00009b34   0x00009b34   0x00000284   Code   RO          388    i.Dequantize        dequant.o
    0x00009db8   0x00009db8   0x00000d2c   Code   RO          371    i.FDCT32            dct32.o
    0x0000aae4   0x0000aae4   0x00000204   Code   RO          455    i.FreqInvertRescale  imdct.o
    0x0000ace8   0x0000ace8   0x00000050   Code   RO          315    i.GetBits           bitstream.o
    0x0000ad38   0x0000ad38   0x00000168   Code   RO          456    i.HybridTransform   imdct.o
    0x0000aea0   0x0000aea0   0x000001fa   Code   RO          457    i.IMDCT             imdct.o
    0x0000b09a   0x0000b09a   0x00000002   PAD
    0x0000b09c   0x0000b09c   0x000001ec   Code   RO          458    i.IMDCT12x3         imdct.o
    0x0000b288   0x0000b288   0x00000248   Code   RO          459    i.IMDCT36           imdct.o
    0x0000b4d0   0x0000b4d0   0x000002f0   Code   RO          584    i.IntensityProcMPEG1  stproc.o
    0x0000b7c0   0x0000b7c0   0x000002cc   Code   RO          585    i.IntensityProcMPEG2  stproc.o
    0x0000ba8c   0x0000ba8c   0x0000002a   Code   RO          508    i.MP3ClearBadFrame  mp3dec.o
    0x0000bab6   0x0000bab6   0x00000324   Code   RO          509    i.MP3Decode         mp3dec.o
    0x0000bdda   0x0000bdda   0x00000064   Code   RO          510    i.MP3FindFreeSync   mp3dec.o
    0x0000be3e   0x0000be3e   0x0000002c   Code   RO          511    i.MP3FindSyncWord   mp3dec.o
    0x0000be6a   0x0000be6a   0x00000002   PAD
    0x0000be6c   0x0000be6c   0x00000064   Code   RO          512    i.MP3GetLastFrameInfo  mp3dec.o
    0x0000bed0   0x0000bed0   0x00000040   Code   RO            7    i.MP3InitDecoder    mp3 v2.o
    0x0000bf10   0x0000bf10   0x0000006a   Code   RO          586    i.MidSideProc       stproc.o
    0x0000bf7a   0x0000bf7a   0x00000088   Code   RO          316    i.RefillBitstreamCache  bitstream.o
    0x0000c002   0x0000c002   0x0000000c   Code   RO          317    i.SetBitstreamPointer  bitstream.o
    0x0000c00e   0x0000c00e   0x00000002   PAD
    0x0000c010   0x0000c010   0x00000114   Code   RO          608    i.Subband           subband.o
    0x0000c124   0x0000c124   0x000000d4   Code   RO          651    i.SystemInit        system_sam3xa.o
    0x0000c1f8   0x0000c1f8   0x000001f4   Code   RO          318    i.UnpackFrameHeader  bitstream.o
    0x0000c3ec   0x0000c3ec   0x000001c0   Code   RO          560    i.UnpackSFMPEG1     scalfact.o
    0x0000c5ac   0x0000c5ac   0x000002a4   Code   RO          561    i.UnpackSFMPEG2     scalfact.o
    0x0000c850   0x0000c850   0x00000128   Code   RO          562    i.UnpackScaleFactors  scalfact.o
    0x0000c978   0x0000c978   0x0000022c   Code   RO          319    i.UnpackSideInfo    bitstream.o
    0x0000cba4   0x0000cba4   0x00000154   Code   RO          460    i.WinPrevious       imdct.o
    0x0000ccf8   0x0000ccf8   0x00000022   Code   RO            9    i.__NVIC_EnableIRQ  mp3 v2.o
    0x0000cd1a   0x0000cd1a   0x00000002   PAD
    0x0000cd1c   0x0000cd1c   0x00000028   Code   RO           10    i.__NVIC_SetPriority  mp3 v2.o
    0x0000cd44   0x0000cd44   0x000001dc   Code   RO          461    i.idct9             imdct.o
    0x0000cf20   0x0000cf20   0x000000f4   Code   RO          462    i.imdct12           imdct.o
    0x0000d014   0x0000d014   0x000002e0   Code   RO           11    i.main              mp3 v2.o
    0x0000d2f4   0x0000d2f4   0x000000c0   Data   RO          372    .constdata          dct32.o
    0x0000d3b4   0x0000d3b4   0x00000250   Data   RO          402    .constdata          dqchan.o
    0x0000d604   0x0000d604   0x00002304   Data   RO          441    .constdata          hufftabs.o
    0x0000f908   0x0000f908   0x00000078   Data   RO          463    .constdata          imdct.o
    0x0000f980   0x0000f980   0x000004fe   Data   RO          548    .constdata          mp3tabs.o
    0x0000fe7e   0x0000fe7e   0x00000068   Data   RO          563    .constdata          scalfact.o
    0x0000fee6   0x0000fee6   0x00000002   PAD
    0x0000fee8   0x0000fee8   0x0000086c   Data   RO          620    .constdata          trigtabs_fixpt.o
    0x00010754   0x00010754   0x00000010   Data   RO          857    Region$$Table       anon$$obj.o


    Execution Region ER_RW (Exec base: 0x00010764, Load base: 0x00010764, Size: 0x0000001c, Max: 0xffffffff, ABSOLUTE)

    Exec Addr    Load Addr    Size         Type   Attr      Idx    E Section Name        Object

    0x00010764   0x00010764   0x00000018   Data   RW           13    .data               mp3 v2.o
    0x0001077c   0x0001077c   0x00000004   Data   RW          652    .data               system_sam3xa.o


    Execution Region ER_ZI (Exec base: 0x00010780, Load base: 0x00010780, Size: 0x0000dc08, Max: 0xffffffff, ABSOLUTE)

    Exec Addr    Load Addr    Size         Type   Attr      Idx    E Section Name        Object

    0x00010780        -       0x0000d7a8   Zero   RW           12    .bss                mp3 v2.o
    0x0001df28        -       0x00000060   Zero   RW          731    .bss                c_w.l(libspace.o)
    0x0001df88        -       0x00000200   Zero   RW          641    HEAP                startup_sam3xa.o
    0x0001e188        -       0x00000200   Zero   RW          640    STACK               startup_sam3xa.o


==============================================================================

Image component sizes


      Code (inc. data)   RO Data    RW Data    ZI Data      Debug   Object Name

        22          0          0          0          0        228   asmmisc.o
      2062          0          0          0          0        512   asmpoly.o
      1330         26          0          0          0      11137   bitstream.o
      3372         10        192          0          0       4373   dct32.o
       644          4          0          0          0       1553   dequant.o
      1068         38        592          0          0       3637   dqchan.o
      1826         26          0          0          0       6108   huffman.o
         0          0       8964          0          0       4575   hufftabs.o
      4114         56        120          0          0      11168   imdct.o
      1158        172          0         24      55208      22790   mp3 v2.o
      1090          6          0          0          0       4652   mp3dec.o
         0          0       1278          0          0       1786   mp3tabs.o
      1420          8        104          0          0       4293   scalfact.o
        64         26        244          0       1024        792   startup_sam3xa.o
      1574         18          0          0          0       4548   stproc.o
       276          4          0          0          0       1078   subband.o
       212         30          0          4          0        755   system_sam3xa.o
         0          0       2156          0          0        844   trigtabs_fixpt.o

    ----------------------------------------------------------------------
     20248        424      13668         28      56232      84829   Object Totals
         0          0         16          0          0          0   (incl. Generated)
        16          0          2          0          0          0   (incl. Padding)

    ----------------------------------------------------------------------

      Code (inc. data)   RO Data    RW Data    ZI Data      Debug   Library Member Name

         8          0          0          0          0         68   __main.o
         0          0          0          0          0          0   __rtentry.o
        12          0          0          0          0          0   __rtentry2.o
         6          0          0          0          0          0   __rtentry4.o
        52          8          0          0          0          0   __scatter.o
        28          0          0          0          0          0   __scatter_zi.o
        18          0          0          0          0         80   exit.o
         6          0          0          0          0        152   heapauxi.o
         0          0          0          0          0          0   indicate_semi.o
         2          0          0          0          0          0   libinit.o
         2          0          0          0          0          0   libinit2.o
         2          0          0          0          0          0   libshutdown.o
         2          0          0          0          0          0   libshutdown2.o
         8          4          0          0         96         68   libspace.o
       138          0          0          0          0         68   rt_memcpy_v6.o
       100          0          0          0          0         80   rt_memcpy_w.o
       132          0          0          0          0         68   rt_memmove_v6.o
       122          0          0          0          0         80   rt_memmove_w.o
         2          0          0          0          0          0   rtexit.o
        10          0          0          0          0          0   rtexit2.o
        12          4          0          0          0         68   sys_exit.o
        74          0          0          0          0         80   sys_stackheap_outer.o
         2          0          0          0          0         68   use_no_semi.o

    ----------------------------------------------------------------------
       744         16          0          0         96        880   Library Totals
         6          0          0          0          0          0   (incl. Padding)

    ----------------------------------------------------------------------

      Code (inc. data)   RO Data    RW Data    ZI Data      Debug   Library Name

       738         16          0          0         96        880   c_w.l

    ----------------------------------------------------------------------
       744         16          0          0         96        880   Library Totals

    ----------------------------------------------------------------------

==============================================================================


      Code (inc. data)   RO Data    RW Data    ZI Data      Debug   

     20992        440      13668         28      56328      83193   Grand Totals
     20992        440      13668         28      56328      83193   ELF Image Totals
     20992        440      13668         28          0          0   ROM Totals

==============================================================================

    Total RO  Size (Code + RO Data)                34660 (  33.85kB)
    Total RW  Size (RW Data + ZI Data)             56356 (  55.04kB)
    Total ROM Size (Code + RO Data + RW Data)      34688 (  33.88kB)

==============================================================================

